// Jest Snapshot v1, https://goo.gl/fbAQLP

exports[`AccountSettings snapshot test 1`] = `
<RNCSafeAreaView
  accessibilityState={
    {
      "busy": undefined,
      "checked": undefined,
      "disabled": undefined,
      "expanded": undefined,
      "selected": undefined,
    }
  }
  accessible={true}
  edges={
    {
      "bottom": "additive",
      "left": "additive",
      "right": "additive",
      "top": "additive",
    }
  }
  focusable={true}
  onClick={[Function]}
  onResponderGrant={[Function]}
  onResponderMove={[Function]}
  onResponderRelease={[Function]}
  onResponderTerminate={[Function]}
  onResponderTerminationRequest={[Function]}
  onStartShouldSetResponder={[Function]}
  style={
    {
      "flex": 1,
    }
  }
>
  <View
    style={
      {
        "backgroundColor": "#181818",
        "flex": 1,
        "padding": 24,
      }
    }
  >
    <View
      style={
        {
          "alignItems": "center",
          "flexDirection": "row",
          "justifyContent": "space-between",
        }
      }
    >
      <View
        accessibilityState={
          {
            "busy": undefined,
            "checked": undefined,
            "disabled": undefined,
            "expanded": undefined,
            "selected": undefined,
          }
        }
        accessibilityValue={
          {
            "max": undefined,
            "min": undefined,
            "now": undefined,
            "text": undefined,
          }
        }
        accessible={true}
        collapsable={false}
        focusable={true}
        onClick={[Function]}
        onResponderGrant={[Function]}
        onResponderMove={[Function]}
        onResponderRelease={[Function]}
        onResponderTerminate={[Function]}
        onResponderTerminationRequest={[Function]}
        onStartShouldSetResponder={[Function]}
        style={
          {
            "alignItems": "center",
            "flexDirection": "row",
            "opacity": 1,
          }
        }
      >
        <Icon
          color="#33FD0A"
          name="chevron-back-outline"
          size={24}
          style={
            {
              "marginBottom": 15,
              "padding": 0,
            }
          }
        />
        <Text
          style={
            {
              "color": "#33FD0A",
              "fontFamily": "Raleway-SemiBold",
              "fontSize": 17,
              "marginBottom": 16,
            }
          }
        >
          Account Settings
        </Text>
      </View>
    </View>
    <View
      style={
        {
          "padding": 16,
        }
      }
    >
      <View
        style={
          {
            "alignItems": "center",
            "flexDirection": "row",
            "gap": 10,
            "marginBottom": 16,
          }
        }
      >
        <Icon
          color="white"
          name="person-circle-outline"
          size={56}
        />
        <TextInput
          onBlur={[Function]}
          onChangeText={[Function]}
          style={
            {
              "color": "white",
              "flex": 1,
              "fontFamily": "Raleway-Bold",
              "fontSize": 22.5,
            }
          }
          value=""
        />
        <Icon
          color="white"
          name="pencil"
          size={30}
        />
      </View>
      <View
        style={
          {
            "alignItems": "center",
            "flexDirection": "row",
            "gap": 10,
            "marginBottom": 10,
          }
        }
      >
        <Icon
          color="#33FD0A"
          name="heart-outline"
          size={30}
        />
        <Text
          style={
            {
              "color": "white",
              "fontFamily": "Raleway-SemiBold",
              "fontSize": 15,
            }
          }
        >
          My Space
        </Text>
      </View>
      <View
        style={
          {
            "borderColor": "#33FD0A",
            "borderRadius": 5,
            "borderWidth": 1,
            "marginBottom": 16,
          }
        }
      >
        <View
          accessibilityState={
            {
              "busy": undefined,
              "checked": undefined,
              "disabled": undefined,
              "expanded": undefined,
              "selected": undefined,
            }
          }
          accessibilityValue={
            {
              "max": undefined,
              "min": undefined,
              "now": undefined,
              "text": undefined,
            }
          }
          accessible={true}
          collapsable={false}
          focusable={true}
          onClick={[Function]}
          onResponderGrant={[Function]}
          onResponderMove={[Function]}
          onResponderRelease={[Function]}
          onResponderTerminate={[Function]}
          onResponderTerminationRequest={[Function]}
          onStartShouldSetResponder={[Function]}
          style={
            {
              "alignItems": "center",
              "borderBottomColor": "#33FD0A",
              "borderBottomWidth": 1,
              "flexDirection": "row",
              "gap": 10,
              "opacity": 1,
              "padding": 16,
            }
          }
        >
          <Icon
            color="#33FD0A"
            name="document-text-outline"
            size={24}
          />
          <Text
            style={
              {
                "color": "white",
                "fontFamily": "Raleway-SemiBold",
                "fontSize": 13,
              }
            }
          >
            Notes
          </Text>
        </View>
        <View
          accessibilityState={
            {
              "busy": undefined,
              "checked": undefined,
              "disabled": undefined,
              "expanded": undefined,
              "selected": undefined,
            }
          }
          accessibilityValue={
            {
              "max": undefined,
              "min": undefined,
              "now": undefined,
              "text": undefined,
            }
          }
          accessible={true}
          collapsable={false}
          focusable={true}
          onClick={[Function]}
          onResponderGrant={[Function]}
          onResponderMove={[Function]}
          onResponderRelease={[Function]}
          onResponderTerminate={[Function]}
          onResponderTerminationRequest={[Function]}
          onStartShouldSetResponder={[Function]}
          style={
            {
              "alignItems": "center",
              "borderBottomColor": "#33FD0A",
              "borderBottomWidth": 1,
              "flexDirection": "row",
              "gap": 10,
              "opacity": 1,
              "padding": 16,
            }
          }
        >
          <Icon
            color="#33FD0A"
            name="book-outline"
            size={24}
          />
          <Text
            style={
              {
                "color": "white",
                "fontFamily": "Raleway-SemiBold",
                "fontSize": 13,
              }
            }
          >
            Quizes
          </Text>
        </View>
      </View>
      <View
        style={
          {
            "alignItems": "center",
            "flexDirection": "row",
            "gap": 10,
            "marginBottom": 10,
          }
        }
      >
        <Icon
          color="#33FD0A"
          name="cog"
          size={30}
        />
        <Text
          style={
            {
              "color": "white",
              "fontFamily": "Raleway-SemiBold",
              "fontSize": 15,
            }
          }
        >
          Settings
        </Text>
      </View>
      <View
        style={
          {
            "borderColor": "#33FD0A",
            "borderRadius": 5,
            "borderWidth": 1,
            "marginBottom": 16,
          }
        }
      >
        <View
          accessibilityState={
            {
              "busy": undefined,
              "checked": undefined,
              "disabled": undefined,
              "expanded": undefined,
              "selected": undefined,
            }
          }
          accessibilityValue={
            {
              "max": undefined,
              "min": undefined,
              "now": undefined,
              "text": undefined,
            }
          }
          accessible={true}
          collapsable={false}
          focusable={true}
          onClick={[Function]}
          onResponderGrant={[Function]}
          onResponderMove={[Function]}
          onResponderRelease={[Function]}
          onResponderTerminate={[Function]}
          onResponderTerminationRequest={[Function]}
          onStartShouldSetResponder={[Function]}
          style={
            {
              "alignItems": "center",
              "borderBottomColor": "#33FD0A",
              "borderBottomWidth": 1,
              "flexDirection": "row",
              "gap": 10,
              "opacity": 1,
              "padding": 16,
            }
          }
        >
          <Icon
            color="#33FD0A"
            name="log-out-outline"
            size={24}
          />
          <Text
            style={
              {
                "color": "white",
                "fontFamily": "Raleway-SemiBold",
                "fontSize": 13,
              }
            }
          >
            Sign Out
          </Text>
        </View>
        <View
          accessibilityState={
            {
              "busy": undefined,
              "checked": undefined,
              "disabled": undefined,
              "expanded": undefined,
              "selected": undefined,
            }
          }
          accessibilityValue={
            {
              "max": undefined,
              "min": undefined,
              "now": undefined,
              "text": undefined,
            }
          }
          accessible={true}
          collapsable={false}
          focusable={true}
          onClick={[Function]}
          onResponderGrant={[Function]}
          onResponderMove={[Function]}
          onResponderRelease={[Function]}
          onResponderTerminate={[Function]}
          onResponderTerminationRequest={[Function]}
          onStartShouldSetResponder={[Function]}
          style={
            {
              "alignItems": "center",
              "borderBottomColor": "#33FD0A",
              "borderBottomWidth": 1,
              "flexDirection": "row",
              "gap": 10,
              "opacity": 1,
              "padding": 16,
            }
          }
        >
          <Icon
            color="red"
            name="trash-outline"
            size={24}
          />
          <Text
            style={
              [
                {
                  "color": "white",
                  "fontFamily": "Raleway-SemiBold",
                  "fontSize": 13,
                },
                {
                  "color": "red",
                },
              ]
            }
          >
            Delete Account
          </Text>
        </View>
      </View>
    </View>
  </View>
</RNCSafeAreaView>
`;
